Log created: 2026-05-30T19:14:51.820258000Z
Process ID:  103896 (0x195d8)
Parent PID:  14396 (0x383c)
Executable:  /usr/lib/virtualbox/VirtualBoxVM
Arg[0]: /usr/lib/virtualbox/VirtualBoxVM
Arg[1]: --comment
Arg[2]: Tecnorural
Arg[3]: --startvm
Arg[4]: f907b420-fdc9-4db4-819b-b4805108a87b
Arg[5]: --no-startvm-errormsgbox
E1000 #0: port=d010 mmio=00000000f0200000 mac-cfg=08:00:27:bf:72:31 82540EM R0
General registers ------------------------------------------------------------------
   CTRL=40000249  STATUS=00000083    EECD=00000140    EERD=00000000  LEDCTL=07068302
    FLA=00000000    MDIC=18350000                                  CTRL_EXT=00000000
   FCAL=00000000    FCAH=00000000     FCT=00000000     VET=00008100   FCTTV=00000000
    PBA=00000000    TXCW=00000000    RXCW=00000000              EXTCNF_CTRL=00000000
Interrupt registers ----------------------------------------------------------------
    ICR=00000000     ITR=00000000     ICS=00000000     IMS=0000009d     IMC=00000000
Receive registers ------------------------------------------------------------------
   RCTL=00048002  PSRCTL=00040402   FCRTL=00000000   FCRTH=00000000  RXDCTL=00000000
  RDBAL=0ab5a000   RDBAH=00000000   RDLEN=00001000     RDH=00000040     RDT=0000003c
   RDTR=00000000    RADV=00000000   RSRPD=00000000  RXCSUM=00000300   RFCTL=00000000
Transmit registers -----------------------------------------------------------------
   TCTL=0004010a    TIPG=00602008    AIFS=00000000
  TDBAL=3e4cf000   TDBAH=00000000   TDLEN=00002000     TDH=0000008a     TDT=0000008a
   TIDV=0000001c  TXDMAC=00000000  TXDCTL=01010000    TADV=00000000   TSPMT=01000400
Management registers ---------------------------------------------------------------
    WUC=00000000    WUFC=00000000     WUS=00000000
   IPAV=00000000    MANC=00000000    WUPL=00000000
Statistics registers ---------------------------------------------------------------
CRCERRS=00000000                 ALGNERRC=00000000 SYMERRS=00000000  RXERRC=00000000 
    MPC=00000000     SCC=00000000    ECOL=00000000
    MCC=00000000 LATECOL=00000000    COLC=00000000
     DC=00000000   TNCRS=00000000     SEC=00000000 CEXTERR=00000000    RLEC=00000000
 XONRXC=00000000  XONTXC=00000000 XOFFRXC=00000000 XOFFTXC=00000000   FCRUC=00000000
  PRC64=00001a47  PRC127=00004267  PRC255=000011dd
 PRC511=00000b30 PRC1023=000002f0 PRC1522=00004095
   GPRC=00000016    BPRC=00000000    MPRC=00000000    GPTC=00000008
  GORCL=000009ec   GORCH=00000000   GOTCL=0000023d   GOTCH=00000000    RNBC=00000000
    RUC=00000000     RFC=00000000     ROC=00000000     RJC=00000000
 MGTPRC=00000000  MGTPDC=00000000  MGTPTC=00000000     TPR=00000000     TPT=00000000
   TORL=00000000    TORH=00000000    TOTL=00000000    TOTH=00000000
  PTC64=00000044  PTC127=00003377  PTC255=0000183d
 PTC511=00000885 PTC1023=0000026e PTC1522=0000070a
   MPTC=00000000    BPTC=00000000   TSCTC=000004d9  TSCTFC=00000000
Diagnostic registers ---------------------------------------------------------------
   RDFH=00000000    RDFT=00000000   RDFHS=00000000   RDFTS=00000000   RDFPC=00000000
   TDFH=00000000    TDFT=00000000   TDFHS=00000000   TDFTS=00000000   TDFPC=00000000

RA00: DST 08:00:27:bf:72:31
RA01: DST 33:33:00:00:00:01
RA02: DST 01:00:5e:00:00:01
RA03: DST 33:33:00:01:00:03
RA04: DST 33:33:00:00:00:0c
RA05: DST 33:33:ff:5f:d7:5c
RA06: DST 01:00:5e:7f:ff:eb
RA07: DST 01:00:5e:7f:ff:fa
RA08: DST 33:33:00:00:00:fb
RA09: DST 01:00:5e:00:00:fb
RA10: DST 01:00:5e:00:00:fc
RA11: DST 33:33:00:00:00:fe
RA12: DST 01:00:5e:7f:ff:fe

PHY registers ----------------------------------------------------------------------
    PCTRL=1340  PSTATUS=796d      PID=0141     EPID=0c24      ANA=0de1      LPA=01e0
      ANE=0000      NPT=2001      LPN=0000     GCON=1e00  GSTATUS=0000 EPSTATUS=3000
    PSCON=0868   PSSTAT=bc08    PINTE=0000    PINTS=0000  EPSCON1=0d60     PREC=0000
  EPSCON2=000c    R30PS=0000    R30AW=0000

PHY MDIO: state=MDIO_IDLE acc=0 cnt=0 addr=0

E1000 #1: port=d040 mmio=00000000f0820000 mac-cfg=08:00:27:53:99:98 82540EM R0
General registers ------------------------------------------------------------------
   CTRL=40000249  STATUS=00000083    EECD=00000140    EERD=00000000  LEDCTL=07068302
    FLA=00000000    MDIC=18350000                                  CTRL_EXT=00000000
   FCAL=00000000    FCAH=00000000     FCT=00000000     VET=00008100   FCTTV=00000000
    PBA=00000000    TXCW=00000000    RXCW=00000000              EXTCNF_CTRL=00000000
Interrupt registers ----------------------------------------------------------------
    ICR=00000000     ITR=00000000     ICS=00000000     IMS=0000009d     IMC=00000000
Receive registers ------------------------------------------------------------------
   RCTL=00048002  PSRCTL=00040402   FCRTL=00000000   FCRTH=00000000  RXDCTL=00000000
  RDBAL=1a07e000   RDBAH=00000000   RDLEN=00001000     RDH=00000078     RDT=00000069
   RDTR=00000000    RADV=00000000   RSRPD=00000000  RXCSUM=00000300   RFCTL=00000000
Transmit registers -----------------------------------------------------------------
   TCTL=0004010a    TIPG=00602008    AIFS=00000000
  TDBAL=19e02000   TDBAH=00000000   TDLEN=00002000     TDH=00000117     TDT=00000117
   TIDV=0000001c  TXDMAC=00000000  TXDCTL=01010000    TADV=00000000   TSPMT=01000400
Management registers ---------------------------------------------------------------
    WUC=00000000    WUFC=00000000     WUS=00000000
   IPAV=00000000    MANC=00000000    WUPL=00000000
Statistics registers ---------------------------------------------------------------
CRCERRS=00000000                 ALGNERRC=00000000 SYMERRS=00000000  RXERRC=00000000 
    MPC=00000000     SCC=00000000    ECOL=00000000
    MCC=00000000 LATECOL=00000000    COLC=00000000
     DC=00000000   TNCRS=00000000     SEC=00000000 CEXTERR=00000000    RLEC=00000000
 XONRXC=00000000  XONTXC=00000000 XOFFRXC=00000000 XOFFTXC=00000000   FCRUC=00000000
  PRC64=00002abe  PRC127=00000897  PRC255=000019d7
 PRC511=0000068a PRC1023=0000083f PRC1522=000f7d83
   GPRC=00000003    BPRC=00000000    MPRC=00000000    GPTC=00000003
  GORCL=00000150   GORCH=00000000   GOTCL=000000f7   GOTCH=00000000    RNBC=00000000
    RUC=00000000     RFC=00000000     ROC=00000000     RJC=00000000
 MGTPRC=00000000  MGTPDC=00000000  MGTPTC=00000000     TPR=00000000     TPT=00000000
   TORL=00000000    TORH=00000000    TOTL=00000000    TOTH=00000000
  PTC64=00000044  PTC127=0001b7c9  PTC255=00000eb0
 PTC511=000006ab PTC1023=0000069c PTC1522=000002ec
   MPTC=00000000    BPTC=00000000   TSCTC=00000211  TSCTFC=00000000
Diagnostic registers ---------------------------------------------------------------
   RDFH=00000000    RDFT=00000000   RDFHS=00000000   RDFTS=00000000   RDFPC=00000000
   TDFH=00000000    TDFT=00000000   TDFHS=00000000   TDFTS=00000000   TDFPC=00000000

RA00: DST 08:00:27:53:99:98
RA01: DST 33:33:00:00:00:01
RA02: DST 01:00:5e:00:00:01
RA03: DST 33:33:00:01:00:03
RA04: DST 33:33:00:00:00:0c
RA05: DST 33:33:ff:ff:f6:5a
RA06: DST 01:00:5e:7f:ff:eb
RA07: DST 01:00:5e:7f:ff:fa
RA08: DST 33:33:00:00:00:fb
RA09: DST 01:00:5e:00:00:fb
RA10: DST 01:00:5e:00:00:fc
RA11: DST 33:33:00:00:00:fe

PHY registers ----------------------------------------------------------------------
    PCTRL=1340  PSTATUS=796d      PID=0141     EPID=0c24      ANA=0de1      LPA=01e0
      ANE=0000      NPT=2001      LPN=0000     GCON=1e00  GSTATUS=0000 EPSTATUS=3000
    PSCON=0868   PSSTAT=bc08    PINTE=0000    PINTS=0000  EPSCON1=0d60     PREC=0000
  EPSCON2=000c    R30PS=0000    R30AW=0000

PHY MDIO: state=MDIO_IDLE acc=0 cnt=0 addr=0

